// Jest Snapshot v1, https://goo.gl/fbAQLP

exports[`<Divider /> renders correctly 1`] = `
<View
  className="h-[27.3px] w-px bg-gray-700 dark:bg-gray-300"
/>
`;
